2025-09-18T09:38:52.840+05:30  INFO 27736 --- [HealthCareManagement] [main] c.healthcare.mgnt.HealthCareApplication  : Starting HealthCareApplication using Java 21.0.6 with PID 27736 (C:\Users\abisekraj.anthonisam\Desktop\MAIN\Projects\Project ChangeDP\HealthCare_Management\Healthcare_Management\target\classes started by abisekraj.anthonisam in C:\Users\abisekraj.anthonisam\Desktop\MAIN\Projects\Project ChangeDP\HealthCare_Management\Healthcare_Management)
2025-09-18T09:38:52.850+05:30 DEBUG 27736 --- [HealthCareManagement] [main] c.healthcare.mgnt.HealthCareApplication  : Running with Spring Boot v3.5.3, Spring v6.2.8
2025-09-18T09:38:52.851+05:30  INFO 27736 --- [HealthCareManagement] [main] c.healthcare.mgnt.HealthCareApplication  : The following 1 profile is active: "test"
2025-09-18T09:38:53.983+05:30  INFO 27736 --- [HealthCareManagement] [main] .s.d.r.c.RepositoryConfigurationDelegate : Bootstrapping Spring Data JPA repositories in DEFAULT mode.
2025-09-18T09:38:54.163+05:30  INFO 27736 --- [HealthCareManagement] [main] .s.d.r.c.RepositoryConfigurationDelegate : Finished Spring Data repository scanning in 161 ms. Found 15 JPA repository interfaces.
2025-09-18T09:38:55.533+05:30  INFO 27736 --- [HealthCareManagement] [main] o.s.b.w.embedded.tomcat.TomcatWebServer  : Tomcat initialized with port 8080 (http)
2025-09-18T09:38:55.549+05:30  INFO 27736 --- [HealthCareManagement] [main] o.apache.catalina.core.StandardService   : Starting service [Tomcat]
2025-09-18T09:38:55.550+05:30  INFO 27736 --- [HealthCareManagement] [main] o.apache.catalina.core.StandardEngine    : Starting Servlet engine: [Apache Tomcat/10.1.42]
2025-09-18T09:38:55.632+05:30  INFO 27736 --- [HealthCareManagement] [main] o.a.c.c.C.[Tomcat].[localhost].[/]       : Initializing Spring embedded WebApplicationContext
2025-09-18T09:38:55.632+05:30  INFO 27736 --- [HealthCareManagement] [main] w.s.c.ServletWebServerApplicationContext : Root WebApplicationContext: initialization completed in 2722 ms
2025-09-18T09:38:55.917+05:30  INFO 27736 --- [HealthCareManagement] [main] com.zaxxer.hikari.HikariDataSource       : HikariPool-1 - Starting...
2025-09-18T09:38:56.196+05:30  INFO 27736 --- [HealthCareManagement] [main] com.zaxxer.hikari.pool.HikariPool        : HikariPool-1 - Added connection org.postgresql.jdbc.PgConnection@5f0677f3
2025-09-18T09:38:56.197+05:30  INFO 27736 --- [HealthCareManagement] [main] com.zaxxer.hikari.HikariDataSource       : HikariPool-1 - Start completed.
2025-09-18T09:38:56.225+05:30  INFO 27736 --- [HealthCareManagement] [main] o.f.c.i.resource.ResourceNameValidator   : 3 SQL migrations were detected but not run because they did not follow the filename convention.
2025-09-18T09:38:56.226+05:30  INFO 27736 --- [HealthCareManagement] [main] o.f.c.i.resource.ResourceNameValidator   : Set 'validateMigrationNaming' to true to fail fast and see a list of the invalid file names.
2025-09-18T09:38:56.231+05:30  INFO 27736 --- [HealthCareManagement] [main] org.flywaydb.core.FlywayExecutor         : Database: jdbc:postgresql://localhost:5432/postgres (PostgreSQL 17.2)
2025-09-18T09:38:56.292+05:30  INFO 27736 --- [HealthCareManagement] [main] o.f.c.i.s.JdbcTableSchemaHistory         : Schema history table "sims"."flyway_schema_history" does not exist yet
2025-09-18T09:38:56.296+05:30  INFO 27736 --- [HealthCareManagement] [main] o.f.core.internal.command.DbValidate     : Successfully validated 3 migrations (execution time 00:00.029s)
2025-09-18T09:38:56.345+05:30  INFO 27736 --- [HealthCareManagement] [main] o.f.c.i.s.JdbcTableSchemaHistory         : Creating Schema History table "sims"."flyway_schema_history" with baseline ...
2025-09-18T09:38:56.421+05:30  INFO 27736 --- [HealthCareManagement] [main] o.f.core.internal.command.DbBaseline     : Successfully baselined schema with version: 1
2025-09-18T09:38:56.484+05:30  INFO 27736 --- [HealthCareManagement] [main] o.f.core.internal.command.DbMigrate      : Current version of schema "sims": 1
2025-09-18T09:38:56.507+05:30  INFO 27736 --- [HealthCareManagement] [main] o.f.core.internal.command.DbMigrate      : Migrating schema "sims" to version "2 - add table miot"
2025-09-18T09:38:56.517+05:30  WARN 27736 --- [HealthCareManagement] [main] o.f.c.i.s.DefaultSqlScriptExecutor       : DB: schema "miot" already exists, skipping (SQL State: 42P06 - Error Code: 0)
2025-09-18T09:38:56.573+05:30 ERROR 27736 --- [HealthCareManagement] [main] o.f.core.internal.command.DbMigrate      : Migration of schema "sims" to version "2 - add table miot" failed! Changes successfully rolled back.
2025-09-18T09:38:56.577+05:30 ERROR 27736 --- [HealthCareManagement] [main] o.s.b.web.embedded.tomcat.TomcatStarter  : Error starting Tomcat context. Exception: org.springframework.beans.factory.UnsatisfiedDependencyException. Message: Error creating bean with name 'jwtAuthenticationFilter': Unsatisfied dependency expressed through field 'userDetailsService': Error creating bean with name 'customUserDetailsService': Unsatisfied dependency expressed through field 'userRepository': Error creating bean with name 'userRepository' defined in com.healthcare.mgnt.repository.UserRepository defined in @EnableJpaRepositories declared on DataSourceConfig: Cannot resolve reference to bean 'jpaSharedEM_entityManagerFactory' while setting bean property 'entityManager'
2025-09-18T09:38:56.605+05:30  INFO 27736 --- [HealthCareManagement] [main] o.apache.catalina.core.StandardService   : Stopping service [Tomcat]
2025-09-18T09:38:56.608+05:30  WARN 27736 --- [HealthCareManagement] [main] o.a.c.loader.WebappClassLoaderBase       : The web application [ROOT] appears to have started a thread named [HikariPool-1:housekeeper] but has failed to stop it. This is very likely to create a memory leak. Stack trace of thread:
 java.base/jdk.internal.misc.Unsafe.park(Native Method)
 java.base/java.util.concurrent.locks.LockSupport.parkNanos(LockSupport.java:269)
 java.base/java.util.concurrent.locks.AbstractQueuedSynchronizer$ConditionObject.awaitNanos(AbstractQueuedSynchronizer.java:1763)
 java.base/java.util.concurrent.ScheduledThreadPoolExecutor$DelayedWorkQueue.take(ScheduledThreadPoolExecutor.java:1182)
 java.base/java.util.concurrent.ScheduledThreadPoolExecutor$DelayedWorkQueue.take(ScheduledThreadPoolExecutor.java:899)
 java.base/java.util.concurrent.ThreadPoolExecutor.getTask(ThreadPoolExecutor.java:1070)
 java.base/java.util.concurrent.ThreadPoolExecutor.runWorker(ThreadPoolExecutor.java:1130)
 java.base/java.util.concurrent.ThreadPoolExecutor$Worker.run(ThreadPoolExecutor.java:642)
 java.base/java.lang.Thread.run(Thread.java:1583)
2025-09-18T09:38:56.609+05:30  WARN 27736 --- [HealthCareManagement] [main] o.a.c.loader.WebappClassLoaderBase       : The web application [ROOT] appears to have started a thread named [HikariPool-1:connection-adder] but has failed to stop it. This is very likely to create a memory leak. Stack trace of thread:
 java.base/sun.nio.ch.Net.poll(Native Method)
 java.base/sun.nio.ch.NioSocketImpl.park(NioSocketImpl.java:191)
 java.base/sun.nio.ch.NioSocketImpl.timedRead(NioSocketImpl.java:280)
 java.base/sun.nio.ch.NioSocketImpl.implRead(NioSocketImpl.java:304)
 java.base/sun.nio.ch.NioSocketImpl.read(NioSocketImpl.java:346)
 java.base/sun.nio.ch.NioSocketImpl$1.read(NioSocketImpl.java:796)
 java.base/java.net.Socket$SocketInputStream.read(Socket.java:1099)
 org.postgresql.core.VisibleBufferedInputStream.readMore(VisibleBufferedInputStream.java:162)
 org.postgresql.core.VisibleBufferedInputStream.ensureBytes(VisibleBufferedInputStream.java:129)
 org.postgresql.core.VisibleBufferedInputStream.ensureBytes(VisibleBufferedInputStream.java:114)
 org.postgresql.core.VisibleBufferedInputStream.read(VisibleBufferedInputStream.java:74)
 org.postgresql.core.PGStream.receiveChar(PGStream.java:467)
 org.postgresql.core.v3.ConnectionFactoryImpl.enableSSL(ConnectionFactoryImpl.java:594)
 org.postgresql.core.v3.ConnectionFactoryImpl.tryConnect(ConnectionFactoryImpl.java:195)
 org.postgresql.core.v3.ConnectionFactoryImpl.openConnectionImpl(ConnectionFactoryImpl.java:262)
 org.postgresql.core.ConnectionFactory.openConnection(ConnectionFactory.java:54)
 org.postgresql.jdbc.PgConnection.<init>(PgConnection.java:273)
 org.postgresql.Driver.makeConnection(Driver.java:446)
 org.postgresql.Driver.connect(Driver.java:298)
 com.zaxxer.hikari.util.DriverDataSource.getConnection(DriverDataSource.java:139)
 com.zaxxer.hikari.pool.PoolBase.newConnection(PoolBase.java:368)
 com.zaxxer.hikari.pool.PoolBase.newPoolEntry(PoolBase.java:205)
 com.zaxxer.hikari.pool.HikariPool.createPoolEntry(HikariPool.java:483)
 com.zaxxer.hikari.pool.HikariPool$PoolEntryCreator.call(HikariPool.java:747)
 com.zaxxer.hikari.pool.HikariPool$PoolEntryCreator.call(HikariPool.java:726)
 java.base/java.util.concurrent.FutureTask.run(FutureTask.java:317)
 java.base/java.util.concurrent.ThreadPoolExecutor.runWorker(ThreadPoolExecutor.java:1144)
 java.base/java.util.concurrent.ThreadPoolExecutor$Worker.run(ThreadPoolExecutor.java:642)
 java.base/java.lang.Thread.run(Thread.java:1583)
2025-09-18T09:38:56.612+05:30  WARN 27736 --- [HealthCareManagement] [main] ConfigServletWebServerApplicationContext : Exception encountered during context initialization - cancelling refresh attempt: org.springframework.context.ApplicationContextException: Unable to start web server
2025-09-18T09:38:56.622+05:30  INFO 27736 --- [HealthCareManagement] [main] .s.b.a.l.ConditionEvaluationReportLogger : 

Error starting ApplicationContext. To display the condition evaluation report re-run your application with 'debug' enabled.
2025-09-18T09:38:56.646+05:30 ERROR 27736 --- [HealthCareManagement] [main] o.s.boot.SpringApplication               : Application run failed

org.springframework.context.ApplicationContextException: Unable to start web server
	at org.springframework.boot.web.servlet.context.ServletWebServerApplicationContext.onRefresh(ServletWebServerApplicationContext.java:170) ~[spring-boot-3.5.3.jar:3.5.3]
	at org.springframework.context.support.AbstractApplicationContext.refresh(AbstractApplicationContext.java:621) ~[spring-context-6.2.8.jar:6.2.8]
	at org.springframework.boot.web.servlet.context.ServletWebServerApplicationContext.refresh(ServletWebServerApplicationContext.java:146) ~[spring-boot-3.5.3.jar:3.5.3]
	at org.springframework.boot.SpringApplication.refresh(SpringApplication.java:752) ~[spring-boot-3.5.3.jar:3.5.3]
	at org.springframework.boot.SpringApplication.refreshContext(SpringApplication.java:439) ~[spring-boot-3.5.3.jar:3.5.3]
	at org.springframework.boot.SpringApplication.run(SpringApplication.java:318) ~[spring-boot-3.5.3.jar:3.5.3]
	at org.springframework.boot.SpringApplication.run(SpringApplication.java:1361) ~[spring-boot-3.5.3.jar:3.5.3]
	at org.springframework.boot.SpringApplication.run(SpringApplication.java:1350) ~[spring-boot-3.5.3.jar:3.5.3]
	at com.healthcare.mgnt.HealthCareApplication.main(HealthCareApplication.java:19) ~[classes/:na]
Caused by: org.springframework.boot.web.server.WebServerException: Unable to start embedded Tomcat
	at org.springframework.boot.web.embedded.tomcat.TomcatWebServer.initialize(TomcatWebServer.java:147) ~[spring-boot-3.5.3.jar:3.5.3]
	at org.springframework.boot.web.embedded.tomcat.TomcatWebServer.<init>(TomcatWebServer.java:107) ~[spring-boot-3.5.3.jar:3.5.3]
	at org.springframework.boot.web.embedded.tomcat.TomcatServletWebServerFactory.getTomcatWebServer(TomcatServletWebServerFactory.java:517) ~[spring-boot-3.5.3.jar:3.5.3]
	at org.springframework.boot.web.embedded.tomcat.TomcatServletWebServerFactory.getWebServer(TomcatServletWebServerFactory.java:219) ~[spring-boot-3.5.3.jar:3.5.3]
	at org.springframework.boot.web.servlet.context.ServletWebServerApplicationContext.createWebServer(ServletWebServerApplicationContext.java:193) ~[spring-boot-3.5.3.jar:3.5.3]
	at org.springframework.boot.web.servlet.context.ServletWebServerApplicationContext.onRefresh(ServletWebServerApplicationContext.java:167) ~[spring-boot-3.5.3.jar:3.5.3]
	... 8 common frames omitted
Caused by: org.springframework.beans.factory.UnsatisfiedDependencyException: Error creating bean with name 'jwtAuthenticationFilter': Unsatisfied dependency expressed through field 'userDetailsService': Error creating bean with name 'customUserDetailsService': Unsatisfied dependency expressed through field 'userRepository': Error creating bean with name 'userRepository' defined in com.healthcare.mgnt.repository.UserRepository defined in @EnableJpaRepositories declared on DataSourceConfig: Cannot resolve reference to bean 'jpaSharedEM_entityManagerFactory' while setting bean property 'entityManager'
	at org.springframework.beans.factory.annotation.AutowiredAnnotationBeanPostProcessor$AutowiredFieldElement.resolveFieldValue(AutowiredAnnotationBeanPostProcessor.java:788) ~[spring-beans-6.2.8.jar:6.2.8]
	at org.springframework.beans.factory.annotation.AutowiredAnnotationBeanPostProcessor$AutowiredFieldElement.inject(AutowiredAnnotationBeanPostProcessor.java:768) ~[spring-beans-6.2.8.jar:6.2.8]
	at org.springframework.beans.factory.annotation.InjectionMetadata.inject(InjectionMetadata.java:146) ~[spring-beans-6.2.8.jar:6.2.8]
	at org.springframework.beans.factory.annotation.AutowiredAnnotationBeanPostProcessor.postProcessProperties(AutowiredAnnotationBeanPostProcessor.java:509) ~[spring-beans-6.2.8.jar:6.2.8]
	at org.springframework.beans.factory.support.AbstractAutowireCapableBeanFactory.populateBean(AbstractAutowireCapableBeanFactory.java:1459) ~[spring-beans-6.2.8.jar:6.2.8]
	at org.springframework.beans.factory.support.AbstractAutowireCapableBeanFactory.doCreateBean(AbstractAutowireCapableBeanFactory.java:606) ~[spring-beans-6.2.8.jar:6.2.8]
	at org.springframework.beans.factory.support.AbstractAutowireCapableBeanFactory.createBean(AbstractAutowireCapableBeanFactory.java:529) ~[spring-beans-6.2.8.jar:6.2.8]
	at org.springframework.beans.factory.support.AbstractBeanFactory.lambda$doGetBean$0(AbstractBeanFactory.java:339) ~[spring-beans-6.2.8.jar:6.2.8]
	at org.springframework.beans.factory.support.DefaultSingletonBeanRegistry.getSingleton(DefaultSingletonBeanRegistry.java:373) ~[spring-beans-6.2.8.jar:6.2.8]
	at org.springframework.beans.factory.support.AbstractBeanFactory.doGetBean(AbstractBeanFactory.java:337) ~[spring-beans-6.2.8.jar:6.2.8]
	at org.springframework.beans.factory.support.AbstractBeanFactory.getBean(AbstractBeanFactory.java:207) ~[spring-beans-6.2.8.jar:6.2.8]
	at org.springframework.boot.web.servlet.ServletContextInitializerBeans.getOrderedBeansOfType(ServletContextInitializerBeans.java:230) ~[spring-boot-3.5.3.jar:3.5.3]
	at org.springframework.boot.web.servlet.ServletContextInitializerBeans.addAsRegistrationBean(ServletContextInitializerBeans.java:184) ~[spring-boot-3.5.3.jar:3.5.3]
	at org.springframework.boot.web.servlet.ServletContextInitializerBeans.addAsRegistrationBean(ServletContextInitializerBeans.java:179) ~[spring-boot-3.5.3.jar:3.5.3]
	at org.springframework.boot.web.servlet.ServletContextInitializerBeans.addAdaptableBeans(ServletContextInitializerBeans.java:164) ~[spring-boot-3.5.3.jar:3.5.3]
	at org.springframework.boot.web.servlet.ServletContextInitializerBeans.<init>(ServletContextInitializerBeans.java:96) ~[spring-boot-3.5.3.jar:3.5.3]
	at org.springframework.boot.web.servlet.context.ServletWebServerApplicationContext.getServletContextInitializerBeans(ServletWebServerApplicationContext.java:271) ~[spring-boot-3.5.3.jar:3.5.3]
	at org.springframework.boot.web.servlet.context.ServletWebServerApplicationContext.selfInitialize(ServletWebServerApplicationContext.java:245) ~[spring-boot-3.5.3.jar:3.5.3]
	at org.springframework.boot.web.embedded.tomcat.TomcatStarter.onStartup(TomcatStarter.java:52) ~[spring-boot-3.5.3.jar:3.5.3]
	at org.apache.catalina.core.StandardContext.startInternal(StandardContext.java:4464) ~[tomcat-embed-core-10.1.42.jar:10.1.42]
	at org.apache.catalina.util.LifecycleBase.start(LifecycleBase.java:164) ~[tomcat-embed-core-10.1.42.jar:10.1.42]
	at org.apache.catalina.core.ContainerBase$StartChild.call(ContainerBase.java:1203) ~[tomcat-embed-core-10.1.42.jar:10.1.42]
	at org.apache.catalina.core.ContainerBase$StartChild.call(ContainerBase.java:1193) ~[tomcat-embed-core-10.1.42.jar:10.1.42]
	at java.base/java.util.concurrent.FutureTask.run(FutureTask.java:317) ~[na:na]
	at org.apache.tomcat.util.threads.InlineExecutorService.execute(InlineExecutorService.java:75) ~[tomcat-embed-core-10.1.42.jar:10.1.42]
	at java.base/java.util.concurrent.AbstractExecutorService.submit(AbstractExecutorService.java:145) ~[na:na]
	at org.apache.catalina.core.ContainerBase.startInternal(ContainerBase.java:749) ~[tomcat-embed-core-10.1.42.jar:10.1.42]
	at org.apache.catalina.core.StandardHost.startInternal(StandardHost.java:772) ~[tomcat-embed-core-10.1.42.jar:10.1.42]
	at org.apache.catalina.util.LifecycleBase.start(LifecycleBase.java:164) ~[tomcat-embed-core-10.1.42.jar:10.1.42]
	at org.apache.catalina.core.ContainerBase$StartChild.call(ContainerBase.java:1203) ~[tomcat-embed-core-10.1.42.jar:10.1.42]
	at org.apache.catalina.core.ContainerBase$StartChild.call(ContainerBase.java:1193) ~[tomcat-embed-core-10.1.42.jar:10.1.42]
	at java.base/java.util.concurrent.FutureTask.run(FutureTask.java:317) ~[na:na]
	at org.apache.tomcat.util.threads.InlineExecutorService.execute(InlineExecutorService.java:75) ~[tomcat-embed-core-10.1.42.jar:10.1.42]
	at java.base/java.util.concurrent.AbstractExecutorService.submit(AbstractExecutorService.java:145) ~[na:na]
	at org.apache.catalina.core.ContainerBase.startInternal(ContainerBase.java:749) ~[tomcat-embed-core-10.1.42.jar:10.1.42]
	at org.apache.catalina.core.StandardEngine.startInternal(StandardEngine.java:203) ~[tomcat-embed-core-10.1.42.jar:10.1.42]
	at org.apache.catalina.util.LifecycleBase.start(LifecycleBase.java:164) ~[tomcat-embed-core-10.1.42.jar:10.1.42]
	at org.apache.catalina.core.StandardService.startInternal(StandardService.java:412) ~[tomcat-embed-core-10.1.42.jar:10.1.42]
	at org.apache.catalina.util.LifecycleBase.start(LifecycleBase.java:164) ~[tomcat-embed-core-10.1.42.jar:10.1.42]
	at org.apache.catalina.core.StandardServer.startInternal(StandardServer.java:870) ~[tomcat-embed-core-10.1.42.jar:10.1.42]
	at org.apache.catalina.util.LifecycleBase.start(LifecycleBase.java:164) ~[tomcat-embed-core-10.1.42.jar:10.1.42]
	at org.apache.catalina.startup.Tomcat.start(Tomcat.java:438) ~[tomcat-embed-core-10.1.42.jar:10.1.42]
	at org.springframework.boot.web.embedded.tomcat.TomcatWebServer.initialize(TomcatWebServer.java:128) ~[spring-boot-3.5.3.jar:3.5.3]
	... 13 common frames omitted
Caused by: org.springframework.beans.factory.UnsatisfiedDependencyException: Error creating bean with name 'customUserDetailsService': Unsatisfied dependency expressed through field 'userRepository': Error creating bean with name 'userRepository' defined in com.healthcare.mgnt.repository.UserRepository defined in @EnableJpaRepositories declared on DataSourceConfig: Cannot resolve reference to bean 'jpaSharedEM_entityManagerFactory' while setting bean property 'entityManager'
	at org.springframework.beans.factory.annotation.AutowiredAnnotationBeanPostProcessor$AutowiredFieldElement.resolveFieldValue(AutowiredAnnotationBeanPostProcessor.java:788) ~[spring-beans-6.2.8.jar:6.2.8]
	at org.springframework.beans.factory.annotation.AutowiredAnnotationBeanPostProcessor$AutowiredFieldElement.inject(AutowiredAnnotationBeanPostProcessor.java:768) ~[spring-beans-6.2.8.jar:6.2.8]
	at org.springframework.beans.factory.annotation.InjectionMetadata.inject(InjectionMetadata.java:146) ~[spring-beans-6.2.8.jar:6.2.8]
	at org.springframework.beans.factory.annotation.AutowiredAnnotationBeanPostProcessor.postProcessProperties(AutowiredAnnotationBeanPostProcessor.java:509) ~[spring-beans-6.2.8.jar:6.2.8]
	at org.springframework.beans.factory.support.AbstractAutowireCapableBeanFactory.populateBean(AbstractAutowireCapableBeanFactory.java:1459) ~[spring-beans-6.2.8.jar:6.2.8]
	at org.springframework.beans.factory.support.AbstractAutowireCapableBeanFactory.doCreateBean(AbstractAutowireCapableBeanFactory.java:606) ~[spring-beans-6.2.8.jar:6.2.8]
	at org.springframework.beans.factory.support.AbstractAutowireCapableBeanFactory.createBean(AbstractAutowireCapableBeanFactory.java:529) ~[spring-beans-6.2.8.jar:6.2.8]
	at org.springframework.beans.factory.support.AbstractBeanFactory.lambda$doGetBean$0(AbstractBeanFactory.java:339) ~[spring-beans-6.2.8.jar:6.2.8]
	at org.springframework.beans.factory.support.DefaultSingletonBeanRegistry.getSingleton(DefaultSingletonBeanRegistry.java:373) ~[spring-beans-6.2.8.jar:6.2.8]
	at org.springframework.beans.factory.support.AbstractBeanFactory.doGetBean(AbstractBeanFactory.java:337) ~[spring-beans-6.2.8.jar:6.2.8]
	at org.springframework.beans.factory.support.AbstractBeanFactory.getBean(AbstractBeanFactory.java:202) ~[spring-beans-6.2.8.jar:6.2.8]
	at org.springframework.beans.factory.config.DependencyDescriptor.resolveCandidate(DependencyDescriptor.java:254) ~[spring-beans-6.2.8.jar:6.2.8]
	at org.springframework.beans.factory.support.DefaultListableBeanFactory.doResolveDependency(DefaultListableBeanFactory.java:1745) ~[spring-beans-6.2.8.jar:6.2.8]
	at org.springframework.beans.factory.support.DefaultListableBeanFactory.resolveDependency(DefaultListableBeanFactory.java:1628) ~[spring-beans-6.2.8.jar:6.2.8]
	at org.springframework.beans.factory.annotation.AutowiredAnnotationBeanPostProcessor$AutowiredFieldElement.resolveFieldValue(AutowiredAnnotationBeanPostProcessor.java:785) ~[spring-beans-6.2.8.jar:6.2.8]
	... 55 common frames omitted
Caused by: org.springframework.beans.factory.BeanCreationException: Error creating bean with name 'userRepository' defined in com.healthcare.mgnt.repository.UserRepository defined in @EnableJpaRepositories declared on DataSourceConfig: Cannot resolve reference to bean 'jpaSharedEM_entityManagerFactory' while setting bean property 'entityManager'
	at org.springframework.beans.factory.support.BeanDefinitionValueResolver.resolveReference(BeanDefinitionValueResolver.java:377) ~[spring-beans-6.2.8.jar:6.2.8]
	at org.springframework.beans.factory.support.BeanDefinitionValueResolver.resolveValueIfNecessary(BeanDefinitionValueResolver.java:135) ~[spring-beans-6.2.8.jar:6.2.8]
	at org.springframework.beans.factory.support.AbstractAutowireCapableBeanFactory.applyPropertyValues(AbstractAutowireCapableBeanFactory.java:1725) ~[spring-beans-6.2.8.jar:6.2.8]
	at org.springframework.beans.factory.support.AbstractAutowireCapableBeanFactory.populateBean(AbstractAutowireCapableBeanFactory.java:1474) ~[spring-beans-6.2.8.jar:6.2.8]
	at org.springframework.beans.factory.support.AbstractAutowireCapableBeanFactory.doCreateBean(AbstractAutowireCapableBeanFactory.java:606) ~[spring-beans-6.2.8.jar:6.2.8]
	at org.springframework.beans.factory.support.AbstractAutowireCapableBeanFactory.createBean(AbstractAutowireCapableBeanFactory.java:529) ~[spring-beans-6.2.8.jar:6.2.8]
	at org.springframework.beans.factory.support.AbstractBeanFactory.lambda$doGetBean$0(AbstractBeanFactory.java:339) ~[spring-beans-6.2.8.jar:6.2.8]
	at org.springframework.beans.factory.support.DefaultSingletonBeanRegistry.getSingleton(DefaultSingletonBeanRegistry.java:373) ~[spring-beans-6.2.8.jar:6.2.8]
	at org.springframework.beans.factory.support.AbstractBeanFactory.doGetBean(AbstractBeanFactory.java:337) ~[spring-beans-6.2.8.jar:6.2.8]
	at org.springframework.beans.factory.support.AbstractBeanFactory.getBean(AbstractBeanFactory.java:202) ~[spring-beans-6.2.8.jar:6.2.8]
	at org.springframework.beans.factory.support.DefaultListableBeanFactory.doResolveDependency(DefaultListableBeanFactory.java:1683) ~[spring-beans-6.2.8.jar:6.2.8]
	at org.springframework.beans.factory.support.DefaultListableBeanFactory.resolveDependency(DefaultListableBeanFactory.java:1628) ~[spring-beans-6.2.8.jar:6.2.8]
	at org.springframework.beans.factory.annotation.AutowiredAnnotationBeanPostProcessor$AutowiredFieldElement.resolveFieldValue(AutowiredAnnotationBeanPostProcessor.java:785) ~[spring-beans-6.2.8.jar:6.2.8]
	... 69 common frames omitted
Caused by: org.springframework.beans.factory.BeanCreationException: Error creating bean with name 'jpaSharedEM_entityManagerFactory': Cannot resolve reference to bean 'entityManagerFactory' while setting constructor argument
	at org.springframework.beans.factory.support.BeanDefinitionValueResolver.resolveReference(BeanDefinitionValueResolver.java:377) ~[spring-beans-6.2.8.jar:6.2.8]
	at org.springframework.beans.factory.support.BeanDefinitionValueResolver.resolveValueIfNecessary(BeanDefinitionValueResolver.java:135) ~[spring-beans-6.2.8.jar:6.2.8]
	at org.springframework.beans.factory.support.ConstructorResolver.resolveConstructorArguments(ConstructorResolver.java:691) ~[spring-beans-6.2.8.jar:6.2.8]
	at org.springframework.beans.factory.support.ConstructorResolver.instantiateUsingFactoryMethod(ConstructorResolver.java:513) ~[spring-beans-6.2.8.jar:6.2.8]
	at org.springframework.beans.factory.support.AbstractAutowireCapableBeanFactory.instantiateUsingFactoryMethod(AbstractAutowireCapableBeanFactory.java:1375) ~[spring-beans-6.2.8.jar:6.2.8]
	at org.springframework.beans.factory.support.AbstractAutowireCapableBeanFactory.createBeanInstance(AbstractAutowireCapableBeanFactory.java:1205) ~[spring-beans-6.2.8.jar:6.2.8]
	at org.springframework.beans.factory.support.AbstractAutowireCapableBeanFactory.doCreateBean(AbstractAutowireCapableBeanFactory.java:569) ~[spring-beans-6.2.8.jar:6.2.8]
	at org.springframework.beans.factory.support.AbstractAutowireCapableBeanFactory.createBean(AbstractAutowireCapableBeanFactory.java:529) ~[spring-beans-6.2.8.jar:6.2.8]
	at org.springframework.beans.factory.support.AbstractBeanFactory.lambda$doGetBean$0(AbstractBeanFactory.java:339) ~[spring-beans-6.2.8.jar:6.2.8]
	at org.springframework.beans.factory.support.DefaultSingletonBeanRegistry.getSingleton(DefaultSingletonBeanRegistry.java:373) ~[spring-beans-6.2.8.jar:6.2.8]
	at org.springframework.beans.factory.support.AbstractBeanFactory.doGetBean(AbstractBeanFactory.java:337) ~[spring-beans-6.2.8.jar:6.2.8]
	at org.springframework.beans.factory.support.AbstractBeanFactory.getBean(AbstractBeanFactory.java:202) ~[spring-beans-6.2.8.jar:6.2.8]
	at org.springframework.beans.factory.support.BeanDefinitionValueResolver.resolveReference(BeanDefinitionValueResolver.java:365) ~[spring-beans-6.2.8.jar:6.2.8]
	... 81 common frames omitted
Caused by: org.springframework.beans.factory.BeanCreationException: Error creating bean with name 'flywayInitializer' defined in class path resource [org/springframework/boot/autoconfigure/flyway/FlywayAutoConfiguration$FlywayConfiguration.class]: Script V2__add_table_miot.sql failed
------------------------------------
SQL State  : 42P07
Error Code : 0
Message    : ERROR: relation "user" already exists
Location   : db/migration/V2__add_table_miot.sql (C:\Users\abisekraj.anthonisam\Desktop\MAIN\Projects\Project ChangeDP\HealthCare_Management\Healthcare_Management\target\classes\db\migration\V2__add_table_miot.sql)
Line       : 3
Statement  : Run Flyway with -X option to see the actual statement causing the problem

	at org.springframework.beans.factory.support.AbstractAutowireCapableBeanFactory.initializeBean(AbstractAutowireCapableBeanFactory.java:1826) ~[spring-beans-6.2.8.jar:6.2.8]
	at org.springframework.beans.factory.support.AbstractAutowireCapableBeanFactory.doCreateBean(AbstractAutowireCapableBeanFactory.java:607) ~[spring-beans-6.2.8.jar:6.2.8]
	at org.springframework.beans.factory.support.AbstractAutowireCapableBeanFactory.createBean(AbstractAutowireCapableBeanFactory.java:529) ~[spring-beans-6.2.8.jar:6.2.8]
	at org.springframework.beans.factory.support.AbstractBeanFactory.lambda$doGetBean$0(AbstractBeanFactory.java:339) ~[spring-beans-6.2.8.jar:6.2.8]
	at org.springframework.beans.factory.support.DefaultSingletonBeanRegistry.getSingleton(DefaultSingletonBeanRegistry.java:373) ~[spring-beans-6.2.8.jar:6.2.8]
	at org.springframework.beans.factory.support.AbstractBeanFactory.doGetBean(AbstractBeanFactory.java:337) ~[spring-beans-6.2.8.jar:6.2.8]
	at org.springframework.beans.factory.support.AbstractBeanFactory.getBean(AbstractBeanFactory.java:202) ~[spring-beans-6.2.8.jar:6.2.8]
	at org.springframework.beans.factory.support.AbstractBeanFactory.doGetBean(AbstractBeanFactory.java:315) ~[spring-beans-6.2.8.jar:6.2.8]
	at org.springframework.beans.factory.support.AbstractBeanFactory.getBean(AbstractBeanFactory.java:202) ~[spring-beans-6.2.8.jar:6.2.8]
	at org.springframework.beans.factory.support.BeanDefinitionValueResolver.resolveReference(BeanDefinitionValueResolver.java:365) ~[spring-beans-6.2.8.jar:6.2.8]
	... 93 common frames omitted
Caused by: org.flywaydb.core.internal.exception.FlywayMigrateException: Script V2__add_table_miot.sql failed
------------------------------------
SQL State  : 42P07
Error Code : 0
Message    : ERROR: relation "user" already exists
Location   : db/migration/V2__add_table_miot.sql (C:\Users\abisekraj.anthonisam\Desktop\MAIN\Projects\Project ChangeDP\HealthCare_Management\Healthcare_Management\target\classes\db\migration\V2__add_table_miot.sql)
Line       : 3
Statement  : Run Flyway with -X option to see the actual statement causing the problem

	at org.flywaydb.core.internal.command.DbMigrate.doMigrateGroup(DbMigrate.java:399) ~[flyway-core-10.20.1.jar:na]
	at org.flywaydb.core.internal.command.DbMigrate.lambda$applyMigrations$1(DbMigrate.java:283) ~[flyway-core-10.20.1.jar:na]
	at org.flywaydb.core.internal.jdbc.TransactionalExecutionTemplate.execute(TransactionalExecutionTemplate.java:59) ~[flyway-core-10.20.1.jar:na]
	at org.flywaydb.core.internal.command.DbMigrate.applyMigrations(DbMigrate.java:282) ~[flyway-core-10.20.1.jar:na]
	at org.flywaydb.core.internal.command.DbMigrate.migrateGroup(DbMigrate.java:255) ~[flyway-core-10.20.1.jar:na]
	at org.flywaydb.core.internal.command.DbMigrate.lambda$migrateAll$0(DbMigrate.java:153) ~[flyway-core-10.20.1.jar:na]
	at org.flywaydb.database.postgresql.PostgreSQLAdvisoryLockTemplate.execute(PostgreSQLAdvisoryLockTemplate.java:77) ~[flyway-database-postgresql-10.20.1.jar:na]
	at org.flywaydb.database.postgresql.PostgreSQLAdvisoryLockTemplate.lambda$execute$0(PostgreSQLAdvisoryLockTemplate.java:60) ~[flyway-database-postgresql-10.20.1.jar:na]
	at org.flywaydb.core.internal.jdbc.TransactionalExecutionTemplate.execute(TransactionalExecutionTemplate.java:59) ~[flyway-core-10.20.1.jar:na]
	at org.flywaydb.database.postgresql.PostgreSQLAdvisoryLockTemplate.execute(PostgreSQLAdvisoryLockTemplate.java:60) ~[flyway-database-postgresql-10.20.1.jar:na]
	at org.flywaydb.database.postgresql.PostgreSQLConnection.lock(PostgreSQLConnection.java:105) ~[flyway-database-postgresql-10.20.1.jar:na]
	at org.flywaydb.core.internal.schemahistory.JdbcTableSchemaHistory.lock(JdbcTableSchemaHistory.java:149) ~[flyway-core-10.20.1.jar:na]
	at org.flywaydb.core.internal.command.DbMigrate.migrateAll(DbMigrate.java:153) ~[flyway-core-10.20.1.jar:na]
	at org.flywaydb.core.internal.command.DbMigrate.migrate(DbMigrate.java:104) ~[flyway-core-10.20.1.jar:na]
	at org.flywaydb.core.Flyway.lambda$migrate$1(Flyway.java:230) ~[flyway-core-10.20.1.jar:na]
	at org.flywaydb.core.FlywayExecutor.execute(FlywayExecutor.java:213) ~[flyway-core-10.20.1.jar:na]
	at org.flywaydb.core.Flyway.migrate(Flyway.java:176) ~[flyway-core-10.20.1.jar:na]
	at org.springframework.boot.autoconfigure.flyway.FlywayMigrationInitializer.afterPropertiesSet(FlywayMigrationInitializer.java:66) ~[spring-boot-autoconfigure-3.5.3.jar:3.5.3]
	at org.springframework.beans.factory.support.AbstractAutowireCapableBeanFactory.invokeInitMethods(AbstractAutowireCapableBeanFactory.java:1873) ~[spring-beans-6.2.8.jar:6.2.8]
	at org.springframework.beans.factory.support.AbstractAutowireCapableBeanFactory.initializeBean(AbstractAutowireCapableBeanFactory.java:1822) ~[spring-beans-6.2.8.jar:6.2.8]
	... 102 common frames omitted
Caused by: org.flywaydb.core.internal.sqlscript.FlywaySqlScriptException: Script V2__add_table_miot.sql failed
------------------------------------
SQL State  : 42P07
Error Code : 0
Message    : ERROR: relation "user" already exists
Location   : db/migration/V2__add_table_miot.sql (C:\Users\abisekraj.anthonisam\Desktop\MAIN\Projects\Project ChangeDP\HealthCare_Management\Healthcare_Management\target\classes\db\migration\V2__add_table_miot.sql)
Line       : 3
Statement  : Run Flyway with -X option to see the actual statement causing the problem

	at org.flywaydb.core.internal.sqlscript.DefaultSqlScriptExecutor.handleException(DefaultSqlScriptExecutor.java:256) ~[flyway-core-10.20.1.jar:na]
	at org.flywaydb.core.internal.sqlscript.DefaultSqlScriptExecutor.executeStatement(DefaultSqlScriptExecutor.java:217) ~[flyway-core-10.20.1.jar:na]
	at org.flywaydb.core.internal.sqlscript.DefaultSqlScriptExecutor.execute(DefaultSqlScriptExecutor.java:137) ~[flyway-core-10.20.1.jar:na]
	at org.flywaydb.core.internal.resolver.sql.SqlMigrationExecutor.executeOnce(SqlMigrationExecutor.java:75) ~[flyway-core-10.20.1.jar:na]
	at org.flywaydb.core.internal.resolver.sql.SqlMigrationExecutor.lambda$execute$0(SqlMigrationExecutor.java:66) ~[flyway-core-10.20.1.jar:na]
	at org.flywaydb.core.internal.database.DefaultExecutionStrategy.execute(DefaultExecutionStrategy.java:31) ~[flyway-core-10.20.1.jar:na]
	at org.flywaydb.core.internal.resolver.sql.SqlMigrationExecutor.execute(SqlMigrationExecutor.java:65) ~[flyway-core-10.20.1.jar:na]
	at org.flywaydb.core.internal.command.DbMigrate.doMigrateGroup(DbMigrate.java:391) ~[flyway-core-10.20.1.jar:na]
	... 121 common frames omitted
Caused by: org.postgresql.util.PSQLException: ERROR: relation "user" already exists
	at org.postgresql.core.v3.QueryExecutorImpl.receiveErrorResponse(QueryExecutorImpl.java:2725) ~[postgresql-42.7.3.jar:42.7.3]
	at org.postgresql.core.v3.QueryExecutorImpl.processResults(QueryExecutorImpl.java:2412) ~[postgresql-42.7.3.jar:42.7.3]
	at org.postgresql.core.v3.QueryExecutorImpl.execute(QueryExecutorImpl.java:371) ~[postgresql-42.7.3.jar:42.7.3]
	at org.postgresql.jdbc.PgStatement.executeInternal(PgStatement.java:502) ~[postgresql-42.7.3.jar:42.7.3]
	at org.postgresql.jdbc.PgStatement.execute(PgStatement.java:419) ~[postgresql-42.7.3.jar:42.7.3]
	at org.postgresql.jdbc.PgStatement.executeWithFlags(PgStatement.java:341) ~[postgresql-42.7.3.jar:42.7.3]
	at org.postgresql.jdbc.PgStatement.executeCachedSql(PgStatement.java:326) ~[postgresql-42.7.3.jar:42.7.3]
	at org.postgresql.jdbc.PgStatement.executeWithFlags(PgStatement.java:302) ~[postgresql-42.7.3.jar:42.7.3]
	at org.postgresql.jdbc.PgStatement.execute(PgStatement.java:297) ~[postgresql-42.7.3.jar:42.7.3]
	at com.zaxxer.hikari.pool.ProxyStatement.execute(ProxyStatement.java:95) ~[HikariCP-6.3.0.jar:na]
	at com.zaxxer.hikari.pool.HikariProxyStatement.execute(HikariProxyStatement.java) ~[HikariCP-6.3.0.jar:na]
	at org.flywaydb.core.internal.jdbc.JdbcTemplate.executeStatement(JdbcTemplate.java:210) ~[flyway-core-10.20.1.jar:na]
	at org.flywaydb.core.internal.sqlscript.ParsedSqlStatement.execute(ParsedSqlStatement.java:88) ~[flyway-core-10.20.1.jar:na]
	at org.flywaydb.core.internal.sqlscript.DefaultSqlScriptExecutor.executeStatement(DefaultSqlScriptExecutor.java:212) ~[flyway-core-10.20.1.jar:na]
	... 127 common frames omitted

2025-09-18T09:54:14.001+05:30  INFO 40464 --- [HealthCareManagement] [main] c.healthcare.mgnt.HealthCareApplication  : Starting HealthCareApplication using Java 21.0.6 with PID 40464 (C:\Users\abisekraj.anthonisam\Desktop\MAIN\Projects\Project ChangeDP\HealthCare_Management\Healthcare_Management\target\classes started by abisekraj.anthonisam in C:\Users\abisekraj.anthonisam\Desktop\MAIN\Projects\Project ChangeDP\HealthCare_Management\Healthcare_Management)
2025-09-18T09:54:14.003+05:30 DEBUG 40464 --- [HealthCareManagement] [main] c.healthcare.mgnt.HealthCareApplication  : Running with Spring Boot v3.5.3, Spring v6.2.8
2025-09-18T09:54:14.004+05:30  INFO 40464 --- [HealthCareManagement] [main] c.healthcare.mgnt.HealthCareApplication  : The following 1 profile is active: "test"
2025-09-18T09:54:15.980+05:30  INFO 40464 --- [HealthCareManagement] [main] .s.d.r.c.RepositoryConfigurationDelegate : Bootstrapping Spring Data JPA repositories in DEFAULT mode.
2025-09-18T09:54:16.483+05:30  INFO 40464 --- [HealthCareManagement] [main] .s.d.r.c.RepositoryConfigurationDelegate : Finished Spring Data repository scanning in 463 ms. Found 15 JPA repository interfaces.
2025-09-18T09:54:26.213+05:30  INFO 40464 --- [HealthCareManagement] [main] o.s.b.w.embedded.tomcat.TomcatWebServer  : Tomcat initialized with port 8080 (http)
2025-09-18T09:54:26.319+05:30  INFO 40464 --- [HealthCareManagement] [main] o.apache.catalina.core.StandardService   : Starting service [Tomcat]
2025-09-18T09:54:26.325+05:30  INFO 40464 --- [HealthCareManagement] [main] o.apache.catalina.core.StandardEngine    : Starting Servlet engine: [Apache Tomcat/10.1.42]
2025-09-18T09:54:26.814+05:30  INFO 40464 --- [HealthCareManagement] [main] o.a.c.c.C.[Tomcat].[localhost].[/]       : Initializing Spring embedded WebApplicationContext
2025-09-18T09:54:26.818+05:30  INFO 40464 --- [HealthCareManagement] [main] w.s.c.ServletWebServerApplicationContext : Root WebApplicationContext: initialization completed in 12721 ms
2025-09-18T09:54:28.168+05:30  INFO 40464 --- [HealthCareManagement] [main] com.zaxxer.hikari.HikariDataSource       : HikariPool-1 - Starting...
2025-09-18T09:54:29.190+05:30  INFO 40464 --- [HealthCareManagement] [main] com.zaxxer.hikari.pool.HikariPool        : HikariPool-1 - Added connection org.postgresql.jdbc.PgConnection@77ce88c4
2025-09-18T09:54:29.196+05:30  INFO 40464 --- [HealthCareManagement] [main] com.zaxxer.hikari.HikariDataSource       : HikariPool-1 - Start completed.
2025-09-18T09:54:29.292+05:30  INFO 40464 --- [HealthCareManagement] [main] o.f.c.i.resource.ResourceNameValidator   : 3 SQL migrations were detected but not run because they did not follow the filename convention.
2025-09-18T09:54:29.293+05:30  INFO 40464 --- [HealthCareManagement] [main] o.f.c.i.resource.ResourceNameValidator   : Set 'validateMigrationNaming' to true to fail fast and see a list of the invalid file names.
2025-09-18T09:54:29.314+05:30  INFO 40464 --- [HealthCareManagement] [main] org.flywaydb.core.FlywayExecutor         : Database: jdbc:postgresql://localhost:5432/postgres (PostgreSQL 17.2)
2025-09-18T09:54:29.600+05:30  INFO 40464 --- [HealthCareManagement] [main] o.f.c.i.s.JdbcTableSchemaHistory         : Schema history table "sims"."flyway_schema_history" does not exist yet
2025-09-18T09:54:29.611+05:30  INFO 40464 --- [HealthCareManagement] [main] o.f.core.internal.command.DbValidate     : Successfully validated 3 migrations (execution time 00:00.129s)
2025-09-18T09:54:29.801+05:30  INFO 40464 --- [HealthCareManagement] [main] o.f.c.i.s.JdbcTableSchemaHistory         : Creating Schema History table "sims"."flyway_schema_history" ...
2025-09-18T09:54:30.161+05:30  INFO 40464 --- [HealthCareManagement] [main] o.f.core.internal.command.DbMigrate      : Current version of schema "sims": << Empty Schema >>
2025-09-18T09:54:30.228+05:30  INFO 40464 --- [HealthCareManagement] [main] o.f.core.internal.command.DbMigrate      : Migrating schema "sims" to version "1 - add table sims"
2025-09-18T09:54:31.138+05:30  INFO 40464 --- [HealthCareManagement] [main] o.f.core.internal.command.DbMigrate      : Migrating schema "sims" to version "2 - add table miot"
2025-09-18T09:54:31.151+05:30  WARN 40464 --- [HealthCareManagement] [main] o.f.c.i.s.DefaultSqlScriptExecutor       : DB: schema "miot" already exists, skipping (SQL State: 42P06 - Error Code: 0)
2025-09-18T09:54:31.758+05:30  INFO 40464 --- [HealthCareManagement] [main] o.f.core.internal.command.DbMigrate      : Migrating schema "sims" to version "3 - add table apollo"
2025-09-18T09:54:31.762+05:30  WARN 40464 --- [HealthCareManagement] [main] o.f.c.i.s.DefaultSqlScriptExecutor       : DB: schema "apollo" already exists, skipping (SQL State: 42P06 - Error Code: 0)
2025-09-18T09:54:32.129+05:30  INFO 40464 --- [HealthCareManagement] [main] o.f.core.internal.command.DbMigrate      : Successfully applied 3 migrations to schema "sims", now at version v3 (execution time 00:01.762s)
2025-09-18T09:54:32.311+05:30  INFO 40464 --- [HealthCareManagement] [main] o.hibernate.jpa.internal.util.LogHelper  : HHH000204: Processing PersistenceUnitInfo [name: default]
2025-09-18T09:54:32.510+05:30  INFO 40464 --- [HealthCareManagement] [main] org.hibernate.Version                    : HHH000412: Hibernate ORM core version 6.6.18.Final
2025-09-18T09:54:32.613+05:30  INFO 40464 --- [HealthCareManagement] [main] o.h.c.internal.RegionFactoryInitiator    : HHH000026: Second-level cache disabled
2025-09-18T09:54:33.769+05:30  INFO 40464 --- [HealthCareManagement] [main] o.s.o.j.p.SpringPersistenceUnitInfo      : No LoadTimeWeaver setup: ignoring JPA class transformer
2025-09-18T09:54:33.902+05:30  WARN 40464 --- [HealthCareManagement] [main] org.hibernate.orm.deprecation            : HHH90000025: PostgreSQLDialect does not need to be specified explicitly using 'hibernate.dialect' (remove the property setting and it will be selected by default)
2025-09-18T09:54:33.931+05:30  INFO 40464 --- [HealthCareManagement] [main] org.hibernate.orm.connections.pooling    : HHH10001005: Database info:
	Database JDBC URL [Connecting through datasource 'com.healthcare.mgnt.config.DataSourceConfig$1@cbf1997']
	Database driver: undefined/unknown
	Database version: 17.2
	Autocommit mode: undefined/unknown
	Isolation level: undefined/unknown
	Minimum pool size: undefined/unknown
	Maximum pool size: undefined/unknown
2025-09-18T09:54:36.710+05:30  INFO 40464 --- [HealthCareManagement] [main] o.h.e.t.j.p.i.JtaPlatformInitiator       : HHH000489: No JTA platform available (set 'hibernate.transaction.jta.platform' to enable JTA platform integration)
2025-09-18T09:54:37.460+05:30  INFO 40464 --- [HealthCareManagement] [main] j.LocalContainerEntityManagerFactoryBean : Initialized JPA EntityManagerFactory for persistence unit 'default'
2025-09-18T09:54:38.113+05:30 DEBUG 40464 --- [HealthCareManagement] [main] c.h.m.security.JwtAuthenticationFilter   : Filter 'jwtAuthenticationFilter' configured for use
2025-09-18T09:54:38.233+05:30  INFO 40464 --- [HealthCareManagement] [main] r$InitializeUserDetailsManagerConfigurer : Global AuthenticationManager configured with UserDetailsService bean with name customUserDetailsService
2025-09-18T09:54:39.100+05:30  WARN 40464 --- [HealthCareManagement] [main] JpaBaseConfiguration$JpaWebConfiguration : spring.jpa.open-in-view is enabled by default. Therefore, database queries may be performed during view rendering. Explicitly configure spring.jpa.open-in-view to disable this warning
2025-09-18T09:54:40.565+05:30  INFO 40464 --- [HealthCareManagement] [main] o.s.b.w.embedded.tomcat.TomcatWebServer  : Tomcat started on port 8080 (http) with context path '/'
2025-09-18T09:54:40.582+05:30  INFO 40464 --- [HealthCareManagement] [main] c.healthcare.mgnt.HealthCareApplication  : Started HealthCareApplication in 27.352 seconds (process running for 27.924)
2025-09-18T09:57:45.904+05:30  INFO 40464 --- [HealthCareManagement] [SpringApplicationShutdownHook] o.s.b.w.e.tomcat.GracefulShutdown        : Commencing graceful shutdown. Waiting for active requests to complete
2025-09-18T09:57:45.912+05:30  INFO 40464 --- [HealthCareManagement] [tomcat-shutdown] o.s.b.w.e.tomcat.GracefulShutdown        : Graceful shutdown complete
2025-09-18T09:57:45.918+05:30  INFO 40464 --- [HealthCareManagement] [SpringApplicationShutdownHook] j.LocalContainerEntityManagerFactoryBean : Closing JPA EntityManagerFactory for persistence unit 'default'
2025-09-18T12:08:07.473+05:30  INFO 40728 --- [HealthCareManagement] [main] c.healthcare.mgnt.HealthCareApplication  : Starting HealthCareApplication using Java 21.0.6 with PID 40728 (C:\Users\abisekraj.anthonisam\Desktop\MAIN\Projects\Project ChangeDP\HealthCare_Management\Healthcare_Management\target\classes started by abisekraj.anthonisam in C:\Users\abisekraj.anthonisam\Desktop\MAIN\Projects\Project ChangeDP\HealthCare_Management\Healthcare_Management)
2025-09-18T12:08:07.475+05:30 DEBUG 40728 --- [HealthCareManagement] [main] c.healthcare.mgnt.HealthCareApplication  : Running with Spring Boot v3.5.3, Spring v6.2.8
2025-09-18T12:08:07.477+05:30  INFO 40728 --- [HealthCareManagement] [main] c.healthcare.mgnt.HealthCareApplication  : The following 1 profile is active: "test"
2025-09-18T12:08:08.564+05:30  INFO 40728 --- [HealthCareManagement] [main] .s.d.r.c.RepositoryConfigurationDelegate : Bootstrapping Spring Data JPA repositories in DEFAULT mode.
2025-09-18T12:08:08.693+05:30  INFO 40728 --- [HealthCareManagement] [main] .s.d.r.c.RepositoryConfigurationDelegate : Finished Spring Data repository scanning in 118 ms. Found 15 JPA repository interfaces.
2025-09-18T12:08:10.107+05:30  INFO 40728 --- [HealthCareManagement] [main] o.s.b.w.embedded.tomcat.TomcatWebServer  : Tomcat initialized with port 8080 (http)
2025-09-18T12:08:10.125+05:30  INFO 40728 --- [HealthCareManagement] [main] o.apache.catalina.core.StandardService   : Starting service [Tomcat]
2025-09-18T12:08:10.126+05:30  INFO 40728 --- [HealthCareManagement] [main] o.apache.catalina.core.StandardEngine    : Starting Servlet engine: [Apache Tomcat/10.1.42]
2025-09-18T12:08:10.216+05:30  INFO 40728 --- [HealthCareManagement] [main] o.a.c.c.C.[Tomcat].[localhost].[/]       : Initializing Spring embedded WebApplicationContext
2025-09-18T12:08:10.216+05:30  INFO 40728 --- [HealthCareManagement] [main] w.s.c.ServletWebServerApplicationContext : Root WebApplicationContext: initialization completed in 2680 ms
2025-09-18T12:08:10.496+05:30  INFO 40728 --- [HealthCareManagement] [main] com.zaxxer.hikari.HikariDataSource       : HikariPool-1 - Starting...
2025-09-18T12:08:10.799+05:30  INFO 40728 --- [HealthCareManagement] [main] com.zaxxer.hikari.pool.HikariPool        : HikariPool-1 - Added connection org.postgresql.jdbc.PgConnection@72715e61
2025-09-18T12:08:10.801+05:30  INFO 40728 --- [HealthCareManagement] [main] com.zaxxer.hikari.HikariDataSource       : HikariPool-1 - Start completed.
2025-09-18T12:08:10.824+05:30  INFO 40728 --- [HealthCareManagement] [main] o.f.c.i.resource.ResourceNameValidator   : 3 SQL migrations were detected but not run because they did not follow the filename convention.
2025-09-18T12:08:10.824+05:30  INFO 40728 --- [HealthCareManagement] [main] o.f.c.i.resource.ResourceNameValidator   : Set 'validateMigrationNaming' to true to fail fast and see a list of the invalid file names.
2025-09-18T12:08:10.830+05:30  INFO 40728 --- [HealthCareManagement] [main] org.flywaydb.core.FlywayExecutor         : Database: jdbc:postgresql://localhost:5432/postgres (PostgreSQL 17.2)
2025-09-18T12:08:10.940+05:30  INFO 40728 --- [HealthCareManagement] [main] o.f.c.i.s.JdbcTableSchemaHistory         : Schema history table "sims"."flyway_schema_history" does not exist yet
2025-09-18T12:08:10.943+05:30  INFO 40728 --- [HealthCareManagement] [main] o.f.core.internal.command.DbValidate     : Successfully validated 3 migrations (execution time 00:00.053s)
2025-09-18T12:08:11.035+05:30  INFO 40728 --- [HealthCareManagement] [main] o.f.c.i.s.JdbcTableSchemaHistory         : Creating Schema History table "sims"."flyway_schema_history" ...
2025-09-18T12:08:11.221+05:30  INFO 40728 --- [HealthCareManagement] [main] o.f.core.internal.command.DbMigrate      : Current version of schema "sims": << Empty Schema >>
2025-09-18T12:08:11.243+05:30  INFO 40728 --- [HealthCareManagement] [main] o.f.core.internal.command.DbMigrate      : Migrating schema "sims" to version "1 - add table sims"
2025-09-18T12:08:11.640+05:30  INFO 40728 --- [HealthCareManagement] [main] o.f.core.internal.command.DbMigrate      : Migrating schema "sims" to version "2 - add table miot"
2025-09-18T12:08:11.647+05:30  WARN 40728 --- [HealthCareManagement] [main] o.f.c.i.s.DefaultSqlScriptExecutor       : DB: schema "miot" already exists, skipping (SQL State: 42P06 - Error Code: 0)
2025-09-18T12:08:11.867+05:30  INFO 40728 --- [HealthCareManagement] [main] o.f.core.internal.command.DbMigrate      : Migrating schema "sims" to version "3 - add table apollo"
2025-09-18T12:08:11.868+05:30  WARN 40728 --- [HealthCareManagement] [main] o.f.c.i.s.DefaultSqlScriptExecutor       : DB: schema "apollo" already exists, skipping (SQL State: 42P06 - Error Code: 0)
2025-09-18T12:08:12.183+05:30  INFO 40728 --- [HealthCareManagement] [main] o.f.core.internal.command.DbMigrate      : Successfully applied 3 migrations to schema "sims", now at version v3 (execution time 00:00.869s)
2025-09-18T12:08:12.261+05:30  INFO 40728 --- [HealthCareManagement] [main] o.hibernate.jpa.internal.util.LogHelper  : HHH000204: Processing PersistenceUnitInfo [name: default]
2025-09-18T12:08:12.316+05:30  INFO 40728 --- [HealthCareManagement] [main] org.hibernate.Version                    : HHH000412: Hibernate ORM core version 6.6.18.Final
2025-09-18T12:08:12.356+05:30  INFO 40728 --- [HealthCareManagement] [main] o.h.c.internal.RegionFactoryInitiator    : HHH000026: Second-level cache disabled
2025-09-18T12:08:12.982+05:30  INFO 40728 --- [HealthCareManagement] [main] o.s.o.j.p.SpringPersistenceUnitInfo      : No LoadTimeWeaver setup: ignoring JPA class transformer
2025-09-18T12:08:13.040+05:30  WARN 40728 --- [HealthCareManagement] [main] org.hibernate.orm.deprecation            : HHH90000025: PostgreSQLDialect does not need to be specified explicitly using 'hibernate.dialect' (remove the property setting and it will be selected by default)
2025-09-18T12:08:13.055+05:30  INFO 40728 --- [HealthCareManagement] [main] org.hibernate.orm.connections.pooling    : HHH10001005: Database info:
	Database JDBC URL [Connecting through datasource 'com.healthcare.mgnt.config.DataSourceConfig$1@25e8e59']
	Database driver: undefined/unknown
	Database version: 17.2
	Autocommit mode: undefined/unknown
	Isolation level: undefined/unknown
	Minimum pool size: undefined/unknown
	Maximum pool size: undefined/unknown
2025-09-18T12:08:14.563+05:30  INFO 40728 --- [HealthCareManagement] [main] o.h.e.t.j.p.i.JtaPlatformInitiator       : HHH000489: No JTA platform available (set 'hibernate.transaction.jta.platform' to enable JTA platform integration)
2025-09-18T12:08:14.964+05:30  INFO 40728 --- [HealthCareManagement] [main] j.LocalContainerEntityManagerFactoryBean : Initialized JPA EntityManagerFactory for persistence unit 'default'
2025-09-18T12:08:15.365+05:30 DEBUG 40728 --- [HealthCareManagement] [main] c.h.m.security.JwtAuthenticationFilter   : Filter 'jwtAuthenticationFilter' configured for use
2025-09-18T12:08:15.455+05:30  INFO 40728 --- [HealthCareManagement] [main] r$InitializeUserDetailsManagerConfigurer : Global AuthenticationManager configured with UserDetailsService bean with name customUserDetailsService
2025-09-18T12:08:16.011+05:30  WARN 40728 --- [HealthCareManagement] [main] JpaBaseConfiguration$JpaWebConfiguration : spring.jpa.open-in-view is enabled by default. Therefore, database queries may be performed during view rendering. Explicitly configure spring.jpa.open-in-view to disable this warning
2025-09-18T12:08:16.903+05:30  INFO 40728 --- [HealthCareManagement] [main] o.s.b.w.embedded.tomcat.TomcatWebServer  : Tomcat started on port 8080 (http) with context path '/'
2025-09-18T12:08:16.916+05:30  INFO 40728 --- [HealthCareManagement] [main] c.healthcare.mgnt.HealthCareApplication  : Started HealthCareApplication in 10.296 seconds (process running for 11.246)
2025-09-18T12:09:21.824+05:30  INFO 40728 --- [HealthCareManagement] [SpringApplicationShutdownHook] o.s.b.w.e.tomcat.GracefulShutdown        : Commencing graceful shutdown. Waiting for active requests to complete
2025-09-18T12:09:21.841+05:30  INFO 40728 --- [HealthCareManagement] [tomcat-shutdown] o.s.b.w.e.tomcat.GracefulShutdown        : Graceful shutdown complete
2025-09-18T12:09:21.848+05:30  INFO 40728 --- [HealthCareManagement] [SpringApplicationShutdownHook] j.LocalContainerEntityManagerFactoryBean : Closing JPA EntityManagerFactory for persistence unit 'default'
